{"level":"info","message":"▶ test started","project":"","tags":["@regression"],"test":"shows the full catalog by default","timestamp":"2026-06-02T01:30:48.158Z"}
{"level":"info","message":"▶ test started","project":"","tags":["@api","@smoke"],"test":"GET /health returns ok","timestamp":"2026-06-02T01:30:48.172Z"}
{"level":"info","message":"▶ test started","project":"","tags":["@api","@smoke"],"test":"GET /api/pets returns the full validated catalog","timestamp":"2026-06-02T01:30:48.186Z"}
{"level":"info","message":"▶ test started","project":"","tags":["@api","@smoke"],"test":"POST a valid adoption inquiry is received","timestamp":"2026-06-02T01:30:48.283Z"}
{"level":"info","message":"▶ test started","project":"","tags":["@regression","@smoke"],"test":"submit an adoption request from a pet detail page","timestamp":"2026-06-02T01:30:48.312Z"}
{"level":"info","message":"▶ test started","project":"","tags":["@regression"],"test":"shows an error when name too short","timestamp":"2026-06-02T01:30:48.336Z"}
{"durationMs":108,"error":"Error: page.goto: Protocol error (Page.navigate): Cannot navigate to invalid URL\nCall log:\n\u001b[2m  - navigating to \"/pets\", waiting until \"load\"\u001b[22m\n","level":"info","message":"■ test finished: failed","test":"shows the full catalog by default","timestamp":"2026-06-02T01:30:48.451Z"}
{"durationMs":87,"error":"Error: page.goto: Protocol error (Page.navigate): Cannot navigate to invalid URL\nCall log:\n\u001b[2m  - navigating to \"/pets/biscuit\", waiting until \"load\"\u001b[22m\n","level":"info","message":"■ test finished: failed","test":"submit an adoption request from a pet detail page","timestamp":"2026-06-02T01:30:48.556Z"}
{"durationMs":80,"error":"Error: page.goto: Protocol error (Page.navigate): Cannot navigate to invalid URL\nCall log:\n\u001b[2m  - navigating to \"/pets/biscuit/adopt\", waiting until \"load\"\u001b[22m\n","level":"info","message":"■ test finished: failed","test":"shows an error when name too short","timestamp":"2026-06-02T01:30:48.566Z"}
{"durationMs":615,"error":"Error: apiRequestContext.get: connect ECONNREFUSED ::1:3333\nCall log:\n\u001b[2m  - → GET http://localhost:3333/health\u001b[22m\n\u001b[2m    - user-agent: Playwright/1.60.0 (arm64; ubuntu 24.04) node/24.15\u001b[22m\n\u001b[2m    - accept: */*\u001b[22m\n\u001b[2m    - accept-encoding: gzip,deflate,br\u001b[22m\n","level":"info","message":"■ test finished: failed","test":"GET /health returns ok","timestamp":"2026-06-02T01:30:48.787Z"}
{"durationMs":616,"error":"Error: apiRequestContext.get: connect ECONNREFUSED ::1:3333\nCall log:\n\u001b[2m  - → GET http://localhost:3333/api/pets\u001b[22m\n\u001b[2m    - user-agent: Playwright/1.60.0 (arm64; ubuntu 24.04) node/24.15\u001b[22m\n\u001b[2m    - accept: */*\u001b[22m\n\u001b[2m    - accept-encoding: gzip,deflate,br\u001b[22m\n","level":"info","message":"■ test finished: failed","test":"GET /api/pets returns the full validated catalog","timestamp":"2026-06-02T01:30:48.803Z"}
{"durationMs":619,"error":"Error: apiRequestContext.post: connect ECONNREFUSED ::1:3333\nCall log:\n\u001b[2m  - → POST http://localhost:3333/api/pets/biscuit/inquiries\u001b[22m\n\u001b[2m    - user-agent: Playwright/1.60.0 (arm64; ubuntu 24.04) node/24.15\u001b[22m\n\u001b[2m    - accept: */*\u001b[22m\n\u001b[2m    - accept-encoding: gzip,deflate,br\u001b[22m\n\u001b[2m    - content-type: application/json\u001b[22m\n\u001b[2m    - content-length: 222\u001b[22m\n","level":"info","message":"■ test finished: failed","test":"POST a valid adoption inquiry is received","timestamp":"2026-06-02T01:30:48.902Z"}
{"level":"info","message":"▶ test started","project":"","tags":["@regression"],"test":"filtering by dog shows only dogs","timestamp":"2026-06-02T01:30:48.990Z"}
{"durationMs":94,"error":"Error: page.goto: Protocol error (Page.navigate): Cannot navigate to invalid URL\nCall log:\n\u001b[2m  - navigating to \"/pets\", waiting until \"load\"\u001b[22m\n","level":"info","message":"■ test finished: failed","test":"filtering by dog shows only dogs","timestamp":"2026-06-02T01:30:49.277Z"}
{"level":"info","message":"▶ test started","project":"","tags":["@regression"],"test":"submit a \"request more info\" inquiry for a pending pet","timestamp":"2026-06-02T01:30:49.380Z"}
{"level":"info","message":"▶ test started","project":"","tags":["@regression"],"test":"shows an error when name empty","timestamp":"2026-06-02T01:30:49.392Z"}
{"level":"info","message":"▶ test started","project":"","tags":["@smoke"],"test":"landing → catalog → pet detail","timestamp":"2026-06-02T01:30:49.425Z"}
{"level":"info","message":"▶ test started","project":"","tags":["@api","@regression"],"test":"GET /api/pets?species=dog returns only dogs","timestamp":"2026-06-02T01:30:49.431Z"}
{"durationMs":97,"error":"Error: page.goto: Protocol error (Page.navigate): Cannot navigate to invalid URL\nCall log:\n\u001b[2m  - navigating to \"/pets/biscuit/adopt\", waiting until \"load\"\u001b[22m\n","level":"info","message":"■ test finished: failed","test":"shows an error when name empty","timestamp":"2026-06-02T01:30:49.641Z"}
{"durationMs":117,"error":"Error: page.goto: Protocol error (Page.navigate): Cannot navigate to invalid URL\nCall log:\n\u001b[2m  - navigating to \"/pets/coco\", waiting until \"load\"\u001b[22m\n","level":"info","message":"■ test finished: failed","test":"submit a \"request more info\" inquiry for a pending pet","timestamp":"2026-06-02T01:30:49.656Z"}
{"durationMs":80,"error":"Error: page.goto: Protocol error (Page.navigate): Cannot navigate to invalid URL\nCall log:\n\u001b[2m  - navigating to \"/\", waiting until \"load\"\u001b[22m\n","level":"info","message":"■ test finished: failed","test":"landing → catalog → pet detail","timestamp":"2026-06-02T01:30:49.679Z"}
{"level":"info","message":"▶ test started","project":"","tags":["@api","@regression"],"test":"POST a more-info request is received","timestamp":"2026-06-02T01:30:49.761Z"}
{"level":"info","message":"▶ test started","project":"","tags":["@regression"],"test":"filtering by cat shows only cats","timestamp":"2026-06-02T01:30:49.866Z"}
{"durationMs":615,"error":"Error: apiRequestContext.get: connect ECONNREFUSED ::1:3333\nCall log:\n\u001b[2m  - → GET http://localhost:3333/api/pets?species=dog\u001b[22m\n\u001b[2m    - user-agent: Playwright/1.60.0 (arm64; ubuntu 24.04) node/24.15\u001b[22m\n\u001b[2m    - accept: */*\u001b[22m\n\u001b[2m    - accept-encoding: gzip,deflate,br\u001b[22m\n","level":"info","message":"■ test finished: failed","test":"GET /api/pets?species=dog returns only dogs","timestamp":"2026-06-02T01:30:50.047Z"}
{"durationMs":72,"error":"Error: page.goto: Protocol error (Page.navigate): Cannot navigate to invalid URL\nCall log:\n\u001b[2m  - navigating to \"/pets\", waiting until \"load\"\u001b[22m\n","level":"info","message":"■ test finished: failed","test":"filtering by cat shows only cats","timestamp":"2026-06-02T01:30:50.058Z"}
{"level":"info","message":"▶ test started","project":"","tags":["@regression"],"test":"shows an error when email malformed","timestamp":"2026-06-02T01:30:50.205Z"}
{"durationMs":618,"error":"Error: apiRequestContext.post: connect ECONNREFUSED ::1:3333\nCall log:\n\u001b[2m  - → POST http://localhost:3333/api/pets/coco/inquiries\u001b[22m\n\u001b[2m    - user-agent: Playwright/1.60.0 (arm64; ubuntu 24.04) node/24.15\u001b[22m\n\u001b[2m    - accept: */*\u001b[22m\n\u001b[2m    - accept-encoding: gzip,deflate,br\u001b[22m\n\u001b[2m    - content-type: application/json\u001b[22m\n\u001b[2m    - content-length: 233\u001b[22m\n","level":"info","message":"■ test finished: failed","test":"POST a more-info request is received","timestamp":"2026-06-02T01:30:50.380Z"}
{"durationMs":78,"error":"Error: page.goto: Protocol error (Page.navigate): Cannot navigate to invalid URL\nCall log:\n\u001b[2m  - navigating to \"/pets/biscuit/adopt\", waiting until \"load\"\u001b[22m\n","level":"info","message":"■ test finished: failed","test":"shows an error when email malformed","timestamp":"2026-06-02T01:30:50.412Z"}
{"level":"info","message":"▶ test started","project":"","tags":["@api","@regression"],"test":"GET /api/pets?species=cat returns only cats","timestamp":"2026-06-02T01:30:50.503Z"}
{"level":"info","message":"▶ test started","project":"","tags":["@regression"],"test":"returning to \"All pets\" restores the full catalog","timestamp":"2026-06-02T01:30:50.541Z"}
{"durationMs":62,"error":"Error: page.goto: Protocol error (Page.navigate): Cannot navigate to invalid URL\nCall log:\n\u001b[2m  - navigating to \"/pets\", waiting until \"load\"\u001b[22m\n","level":"info","message":"■ test finished: failed","test":"returning to \"All pets\" restores the full catalog","timestamp":"2026-06-02T01:30:50.716Z"}
{"level":"info","message":"▶ test started","project":"","tags":["@api","@regression"],"test":"POST to an unknown pet 404s","timestamp":"2026-06-02T01:30:50.922Z"}
{"level":"info","message":"▶ test started","project":"","tags":["@regression"],"test":"shows an error when phone non-numeric","timestamp":"2026-06-02T01:30:50.954Z"}
{"durationMs":616,"error":"Error: apiRequestContext.get: connect ECONNREFUSED ::1:3333\nCall log:\n\u001b[2m  - → GET http://localhost:3333/api/pets?species=cat\u001b[22m\n\u001b[2m    - user-agent: Playwright/1.60.0 (arm64; ubuntu 24.04) node/24.15\u001b[22m\n\u001b[2m    - accept: */*\u001b[22m\n\u001b[2m    - accept-encoding: gzip,deflate,br\u001b[22m\n","level":"info","message":"■ test finished: failed","test":"GET /api/pets?species=cat returns only cats","timestamp":"2026-06-02T01:30:51.119Z"}
{"durationMs":70,"error":"Error: page.goto: Protocol error (Page.navigate): Cannot navigate to invalid URL\nCall log:\n\u001b[2m  - navigating to \"/pets/biscuit/adopt\", waiting until \"load\"\u001b[22m\n","level":"info","message":"■ test finished: failed","test":"shows an error when phone non-numeric","timestamp":"2026-06-02T01:30:51.139Z"}
{"level":"info","message":"▶ test started","project":"","tags":["@api","@smoke"],"test":"GET /api/pets/:id returns the requested pet","timestamp":"2026-06-02T01:30:51.521Z"}
{"durationMs":616,"error":"Error: apiRequestContext.post: connect ECONNREFUSED ::1:3333\nCall log:\n\u001b[2m  - → POST http://localhost:3333/api/pets/does-not-exist/inquiries\u001b[22m\n\u001b[2m    - user-agent: Playwright/1.60.0 (arm64; ubuntu 24.04) node/24.15\u001b[22m\n\u001b[2m    - accept: */*\u001b[22m\n\u001b[2m    - accept-encoding: gzip,deflate,br\u001b[22m\n\u001b[2m    - content-type: application/json\u001b[22m\n\u001b[2m    - content-length: 230\u001b[22m\n","level":"info","message":"■ test finished: failed","test":"POST to an unknown pet 404s","timestamp":"2026-06-02T01:30:51.546Z"}
{"level":"info","message":"▶ test started","project":"","tags":["@regression"],"test":"shows an error when message too long","timestamp":"2026-06-02T01:30:51.749Z"}
{"durationMs":73,"error":"Error: page.goto: Protocol error (Page.navigate): Cannot navigate to invalid URL\nCall log:\n\u001b[2m  - navigating to \"/pets/biscuit/adopt\", waiting until \"load\"\u001b[22m\n","level":"info","message":"■ test finished: failed","test":"shows an error when message too long","timestamp":"2026-06-02T01:30:51.942Z"}
{"durationMs":421,"level":"info","message":"■ test finished: interrupted","test":"GET /api/pets/:id returns the requested pet","timestamp":"2026-06-02T01:30:51.945Z"}
{"level":"info","message":"▶ test started","project":"","tags":["@api","@smoke"],"test":"GET /health returns ok","timestamp":"2026-06-02T01:32:32.556Z"}
{"level":"info","message":"▶ test started","project":"","tags":["@regression"],"test":"shows the full catalog by default","timestamp":"2026-06-02T01:32:32.560Z"}
{"level":"info","message":"▶ test started","project":"","tags":["@api","@smoke"],"test":"GET /api/pets returns the full validated catalog","timestamp":"2026-06-02T01:32:32.563Z"}
{"level":"info","message":"▶ test started","project":"","tags":["@regression"],"test":"shows an error when name too short","timestamp":"2026-06-02T01:32:32.689Z"}
{"level":"info","message":"▶ test started","project":"","tags":["@regression","@smoke"],"test":"submit an adoption request from a pet detail page","timestamp":"2026-06-02T01:32:32.708Z"}
{"level":"info","message":"▶ test started","project":"","tags":["@api","@smoke"],"test":"POST a valid adoption inquiry is received","timestamp":"2026-06-02T01:32:32.710Z"}
{"durationMs":62,"error":"Error: page.goto: Protocol error (Page.navigate): Cannot navigate to invalid URL\nCall log:\n\u001b[2m  - navigating to \"/pets\", waiting until \"load\"\u001b[22m\n","level":"info","message":"■ test finished: failed","test":"shows the full catalog by default","timestamp":"2026-06-02T01:32:32.983Z"}
{"durationMs":71,"error":"Error: page.goto: Protocol error (Page.navigate): Cannot navigate to invalid URL\nCall log:\n\u001b[2m  - navigating to \"/pets/biscuit\", waiting until \"load\"\u001b[22m\n","level":"info","message":"■ test finished: failed","test":"submit an adoption request from a pet detail page","timestamp":"2026-06-02T01:32:32.993Z"}
{"durationMs":91,"error":"Error: page.goto: Protocol error (Page.navigate): Cannot navigate to invalid URL\nCall log:\n\u001b[2m  - navigating to \"/pets/biscuit/adopt\", waiting until \"load\"\u001b[22m\n","level":"info","message":"■ test finished: failed","test":"shows an error when name too short","timestamp":"2026-06-02T01:32:33.002Z"}
{"durationMs":616,"error":"Error: apiRequestContext.get: connect ECONNREFUSED ::1:3333\nCall log:\n\u001b[2m  - → GET http://localhost:3333/health\u001b[22m\n\u001b[2m    - user-agent: Playwright/1.60.0 (arm64; ubuntu 24.04) node/24.15\u001b[22m\n\u001b[2m    - accept: */*\u001b[22m\n\u001b[2m    - accept-encoding: gzip,deflate,br\u001b[22m\n","level":"info","message":"■ test finished: failed","test":"GET /health returns ok","timestamp":"2026-06-02T01:32:33.173Z"}
{"durationMs":616,"error":"Error: apiRequestContext.get: connect ECONNREFUSED ::1:3333\nCall log:\n\u001b[2m  - → GET http://localhost:3333/api/pets\u001b[22m\n\u001b[2m    - user-agent: Playwright/1.60.0 (arm64; ubuntu 24.04) node/24.15\u001b[22m\n\u001b[2m    - accept: */*\u001b[22m\n\u001b[2m    - accept-encoding: gzip,deflate,br\u001b[22m\n","level":"info","message":"■ test finished: failed","test":"GET /api/pets returns the full validated catalog","timestamp":"2026-06-02T01:32:33.181Z"}
{"durationMs":619,"error":"Error: apiRequestContext.post: connect ECONNREFUSED ::1:3333\nCall log:\n\u001b[2m  - → POST http://localhost:3333/api/pets/biscuit/inquiries\u001b[22m\n\u001b[2m    - user-agent: Playwright/1.60.0 (arm64; ubuntu 24.04) node/24.15\u001b[22m\n\u001b[2m    - accept: */*\u001b[22m\n\u001b[2m    - accept-encoding: gzip,deflate,br\u001b[22m\n\u001b[2m    - content-type: application/json\u001b[22m\n\u001b[2m    - content-length: 247\u001b[22m\n","level":"info","message":"■ test finished: failed","test":"POST a valid adoption inquiry is received","timestamp":"2026-06-02T01:32:33.332Z"}
{"level":"info","message":"▶ test started","project":"","tags":["@regression"],"test":"filtering by dog shows only dogs","timestamp":"2026-06-02T01:32:33.583Z"}
{"level":"info","message":"▶ test started","project":"","tags":["@smoke"],"test":"landing → catalog → pet detail","timestamp":"2026-06-02T01:32:33.770Z"}
{"level":"info","message":"▶ test started","project":"","tags":["@api","@regression"],"test":"GET /api/pets?species=dog returns only dogs","timestamp":"2026-06-02T01:32:33.776Z"}
{"level":"info","message":"▶ test started","project":"","tags":["@regression"],"test":"submit a \"request more info\" inquiry for a pending pet","timestamp":"2026-06-02T01:32:33.791Z"}
{"durationMs":75,"error":"Error: page.goto: Protocol error (Page.navigate): Cannot navigate to invalid URL\nCall log:\n\u001b[2m  - navigating to \"/pets\", waiting until \"load\"\u001b[22m\n","level":"info","message":"■ test finished: failed","test":"filtering by dog shows only dogs","timestamp":"2026-06-02T01:32:33.793Z"}
{"level":"info","message":"▶ test started","project":"","tags":["@regression"],"test":"shows an error when name empty","timestamp":"2026-06-02T01:32:33.794Z"}
{"durationMs":76,"error":"Error: page.goto: Protocol error (Page.navigate): Cannot navigate to invalid URL\nCall log:\n\u001b[2m  - navigating to \"/\", waiting until \"load\"\u001b[22m\n","level":"info","message":"■ test finished: failed","test":"landing → catalog → pet detail","timestamp":"2026-06-02T01:32:33.984Z"}
{"durationMs":53,"error":"Error: page.goto: Protocol error (Page.navigate): Cannot navigate to invalid URL\nCall log:\n\u001b[2m  - navigating to \"/pets/coco\", waiting until \"load\"\u001b[22m\n","level":"info","message":"■ test finished: failed","test":"submit a \"request more info\" inquiry for a pending pet","timestamp":"2026-06-02T01:32:33.985Z"}
{"durationMs":83,"error":"Error: page.goto: Protocol error (Page.navigate): Cannot navigate to invalid URL\nCall log:\n\u001b[2m  - navigating to \"/pets/biscuit/adopt\", waiting until \"load\"\u001b[22m\n","level":"info","message":"■ test finished: failed","test":"shows an error when name empty","timestamp":"2026-06-02T01:32:34.007Z"}
{"level":"info","message":"▶ test started","project":"","tags":["@api","@regression"],"test":"POST a more-info request is received","timestamp":"2026-06-02T01:32:34.112Z"}
{"level":"info","message":"▶ test started","project":"","tags":["@regression"],"test":"filtering by cat shows only cats","timestamp":"2026-06-02T01:32:34.315Z"}
{"durationMs":618,"error":"Error: apiRequestContext.get: connect ECONNREFUSED ::1:3333\nCall log:\n\u001b[2m  - → GET http://localhost:3333/api/pets?species=dog\u001b[22m\n\u001b[2m    - user-agent: Playwright/1.60.0 (arm64; ubuntu 24.04) node/24.15\u001b[22m\n\u001b[2m    - accept: */*\u001b[22m\n\u001b[2m    - accept-encoding: gzip,deflate,br\u001b[22m\n","level":"info","message":"■ test finished: failed","test":"GET /api/pets?species=dog returns only dogs","timestamp":"2026-06-02T01:32:34.394Z"}
{"durationMs":49,"error":"Error: page.goto: Protocol error (Page.navigate): Cannot navigate to invalid URL\nCall log:\n\u001b[2m  - navigating to \"/pets\", waiting until \"load\"\u001b[22m\n","level":"info","message":"■ test finished: failed","test":"filtering by cat shows only cats","timestamp":"2026-06-02T01:32:34.483Z"}
{"level":"info","message":"▶ test started","project":"","tags":["@regression"],"test":"shows an error when email malformed","timestamp":"2026-06-02T01:32:34.520Z"}
{"durationMs":73,"error":"Error: page.goto: Protocol error (Page.navigate): Cannot navigate to invalid URL\nCall log:\n\u001b[2m  - navigating to \"/pets/biscuit/adopt\", waiting until \"load\"\u001b[22m\n","level":"info","message":"■ test finished: failed","test":"shows an error when email malformed","timestamp":"2026-06-02T01:32:34.710Z"}
{"durationMs":613,"error":"Error: apiRequestContext.post: connect ECONNREFUSED ::1:3333\nCall log:\n\u001b[2m  - → POST http://localhost:3333/api/pets/coco/inquiries\u001b[22m\n\u001b[2m    - user-agent: Playwright/1.60.0 (arm64; ubuntu 24.04) node/24.15\u001b[22m\n\u001b[2m    - accept: */*\u001b[22m\n\u001b[2m    - accept-encoding: gzip,deflate,br\u001b[22m\n\u001b[2m    - content-type: application/json\u001b[22m\n\u001b[2m    - content-length: 239\u001b[22m\n","level":"info","message":"■ test finished: failed","test":"POST a more-info request is received","timestamp":"2026-06-02T01:32:34.727Z"}
{"level":"info","message":"▶ test started","project":"","tags":["@api","@regression"],"test":"GET /api/pets?species=cat returns only cats","timestamp":"2026-06-02T01:32:34.832Z"}
{"level":"info","message":"▶ test started","project":"","tags":["@regression"],"test":"returning to \"All pets\" restores the full catalog","timestamp":"2026-06-02T01:32:34.992Z"}
{"durationMs":49,"error":"Error: page.goto: Protocol error (Page.navigate): Cannot navigate to invalid URL\nCall log:\n\u001b[2m  - navigating to \"/pets\", waiting until \"load\"\u001b[22m\n","level":"info","message":"■ test finished: failed","test":"returning to \"All pets\" restores the full catalog","timestamp":"2026-06-02T01:32:35.166Z"}
{"level":"info","message":"▶ test started","project":"","tags":["@api","@regression"],"test":"POST to an unknown pet 404s","timestamp":"2026-06-02T01:32:35.266Z"}
{"level":"info","message":"▶ test started","project":"","tags":["@regression"],"test":"shows an error when phone non-numeric","timestamp":"2026-06-02T01:32:35.281Z"}
{"durationMs":622,"error":"Error: apiRequestContext.get: connect ECONNREFUSED ::1:3333\nCall log:\n\u001b[2m  - → GET http://localhost:3333/api/pets?species=cat\u001b[22m\n\u001b[2m    - user-agent: Playwright/1.60.0 (arm64; ubuntu 24.04) node/24.15\u001b[22m\n\u001b[2m    - accept: */*\u001b[22m\n\u001b[2m    - accept-encoding: gzip,deflate,br\u001b[22m\n","level":"info","message":"■ test finished: failed","test":"GET /api/pets?species=cat returns only cats","timestamp":"2026-06-02T01:32:35.455Z"}
{"durationMs":72,"error":"Error: page.goto: Protocol error (Page.navigate): Cannot navigate to invalid URL\nCall log:\n\u001b[2m  - navigating to \"/pets/biscuit/adopt\", waiting until \"load\"\u001b[22m\n","level":"info","message":"■ test finished: failed","test":"shows an error when phone non-numeric","timestamp":"2026-06-02T01:32:35.479Z"}
{"level":"info","message":"▶ test started","project":"","tags":["@api","@smoke"],"test":"GET /api/pets/:id returns the requested pet","timestamp":"2026-06-02T01:32:35.818Z"}
{"durationMs":621,"error":"Error: apiRequestContext.post: connect ECONNREFUSED ::1:3333\nCall log:\n\u001b[2m  - → POST http://localhost:3333/api/pets/does-not-exist/inquiries\u001b[22m\n\u001b[2m    - user-agent: Playwright/1.60.0 (arm64; ubuntu 24.04) node/24.15\u001b[22m\n\u001b[2m    - accept: */*\u001b[22m\n\u001b[2m    - accept-encoding: gzip,deflate,br\u001b[22m\n\u001b[2m    - content-type: application/json\u001b[22m\n\u001b[2m    - content-length: 237\u001b[22m\n","level":"info","message":"■ test finished: failed","test":"POST to an unknown pet 404s","timestamp":"2026-06-02T01:32:35.887Z"}
{"level":"info","message":"▶ test started","project":"","tags":["@regression"],"test":"shows an error when message too long","timestamp":"2026-06-02T01:32:36.027Z"}
{"durationMs":84,"error":"Error: page.goto: Protocol error (Page.navigate): Cannot navigate to invalid URL\nCall log:\n\u001b[2m  - navigating to \"/pets/biscuit/adopt\", waiting until \"load\"\u001b[22m\n","level":"info","message":"■ test finished: failed","test":"shows an error when message too long","timestamp":"2026-06-02T01:32:36.237Z"}
{"durationMs":616,"error":"Error: apiRequestContext.get: connect ECONNREFUSED ::1:3333\nCall log:\n\u001b[2m  - → GET http://localhost:3333/api/pets/biscuit\u001b[22m\n\u001b[2m    - user-agent: Playwright/1.60.0 (arm64; ubuntu 24.04) node/24.15\u001b[22m\n\u001b[2m    - accept: */*\u001b[22m\n\u001b[2m    - accept-encoding: gzip,deflate,br\u001b[22m\n","level":"info","message":"■ test finished: failed","test":"GET /api/pets/:id returns the requested pet","timestamp":"2026-06-02T01:32:36.436Z"}
{"level":"info","message":"▶ test started","project":"","tags":["@api","@regression"],"test":"POST rejects invalid body: empty body","timestamp":"2026-06-02T01:32:36.504Z"}
{"level":"info","message":"▶ test started","project":"","tags":["@api","@regression"],"test":"GET /api/pets/:id 404s for an unknown id","timestamp":"2026-06-02T01:32:36.838Z"}
{"level":"info","message":"▶ test started","project":"","tags":["@regression","@smoke"],"test":"a fully valid form has no field errors","timestamp":"2026-06-02T01:32:36.881Z"}
{"durationMs":62,"error":"Error: page.goto: Protocol error (Page.navigate): Cannot navigate to invalid URL\nCall log:\n\u001b[2m  - navigating to \"/pets/biscuit/adopt\", waiting until \"load\"\u001b[22m\n","level":"info","message":"■ test finished: failed","test":"a fully valid form has no field errors","timestamp":"2026-06-02T01:32:37.066Z"}
{"durationMs":254,"level":"info","message":"■ test finished: interrupted","test":"GET /api/pets/:id 404s for an unknown id","timestamp":"2026-06-02T01:32:37.095Z"}
{"durationMs":590,"level":"info","message":"■ test finished: interrupted","test":"POST rejects invalid body: empty body","timestamp":"2026-06-02T01:32:37.095Z"}
{"level":"info","message":"▶ test started","project":"","tags":["@api","@smoke"],"test":"GET /health returns ok","timestamp":"2026-06-02T01:36:05.933Z"}
{"level":"info","message":"▶ test started","project":"","tags":["@api","@smoke"],"test":"GET /api/pets returns the full validated catalog","timestamp":"2026-06-02T01:36:05.936Z"}
{"level":"info","message":"▶ test started","project":"","tags":["@regression"],"test":"shows the full catalog by default","timestamp":"2026-06-02T01:36:05.944Z"}
{"durationMs":19,"level":"info","message":"■ test finished: passed","test":"GET /health returns ok","timestamp":"2026-06-02T01:36:05.952Z"}
{"durationMs":25,"level":"info","message":"■ test finished: passed","test":"GET /api/pets returns the full validated catalog","timestamp":"2026-06-02T01:36:05.967Z"}
{"level":"info","message":"▶ test started","project":"","tags":["@smoke"],"test":"landing → catalog → pet detail","timestamp":"2026-06-02T01:36:05.967Z"}
{"level":"info","message":"▶ test started","project":"","tags":["@api","@regression"],"test":"GET /api/pets?species=dog returns only dogs","timestamp":"2026-06-02T01:36:05.982Z"}
{"durationMs":7,"level":"info","message":"■ test finished: passed","test":"GET /api/pets?species=dog returns only dogs","timestamp":"2026-06-02T01:36:05.991Z"}
{"level":"info","message":"▶ test started","project":"","tags":["@api","@regression"],"test":"GET /api/pets?species=cat returns only cats","timestamp":"2026-06-02T01:36:06.004Z"}
{"durationMs":9,"level":"info","message":"■ test finished: passed","test":"GET /api/pets?species=cat returns only cats","timestamp":"2026-06-02T01:36:06.014Z"}
{"level":"info","message":"▶ test started","project":"","tags":["@api","@smoke"],"test":"GET /api/pets/:id returns the requested pet","timestamp":"2026-06-02T01:36:06.021Z"}
{"durationMs":5,"level":"info","message":"■ test finished: passed","test":"GET /api/pets/:id returns the requested pet","timestamp":"2026-06-02T01:36:06.028Z"}
{"level":"info","message":"▶ test started","project":"","tags":["@api","@regression"],"test":"GET /api/pets/:id 404s for an unknown id","timestamp":"2026-06-02T01:36:06.035Z"}
{"durationMs":11,"level":"info","message":"■ test finished: passed","test":"GET /api/pets/:id 404s for an unknown id","timestamp":"2026-06-02T01:36:06.050Z"}
{"level":"info","message":"▶ test started","project":"","tags":["@regression"],"test":"shows an error when name too short","timestamp":"2026-06-02T01:36:06.082Z"}
{"level":"info","message":"▶ test started","project":"","tags":["@api","@smoke"],"test":"POST a valid adoption inquiry is received","timestamp":"2026-06-02T01:36:06.085Z"}
{"level":"info","message":"▶ test started","project":"","tags":["@regression","@smoke"],"test":"submit an adoption request from a pet detail page","timestamp":"2026-06-02T01:36:06.095Z"}
{"durationMs":35,"level":"info","message":"■ test finished: passed","test":"POST a valid adoption inquiry is received","timestamp":"2026-06-02T01:36:06.121Z"}
{"level":"info","message":"▶ test started","project":"","tags":["@api","@regression"],"test":"POST a more-info request is received","timestamp":"2026-06-02T01:36:06.136Z"}
{"durationMs":6,"level":"info","message":"■ test finished: passed","test":"POST a more-info request is received","timestamp":"2026-06-02T01:36:06.144Z"}
{"level":"info","message":"▶ test started","project":"","tags":["@api","@regression"],"test":"POST to an unknown pet 404s","timestamp":"2026-06-02T01:36:06.152Z"}
{"durationMs":6,"level":"info","message":"■ test finished: passed","test":"POST to an unknown pet 404s","timestamp":"2026-06-02T01:36:06.159Z"}
{"level":"info","message":"▶ test started","project":"","tags":["@api","@regression"],"test":"POST rejects invalid body: empty body","timestamp":"2026-06-02T01:36:06.181Z"}
{"durationMs":8,"level":"info","message":"■ test finished: passed","test":"POST rejects invalid body: empty body","timestamp":"2026-06-02T01:36:06.197Z"}
{"level":"info","message":"▶ test started","project":"","tags":["@api","@regression"],"test":"POST rejects invalid body: null body","timestamp":"2026-06-02T01:36:06.213Z"}
{"durationMs":10,"level":"info","message":"■ test finished: passed","test":"POST rejects invalid body: null body","timestamp":"2026-06-02T01:36:06.225Z"}
{"level":"info","message":"▶ test started","project":"","tags":["@api","@regression"],"test":"POST rejects invalid body: missing email","timestamp":"2026-06-02T01:36:06.233Z"}
{"durationMs":12,"level":"info","message":"■ test finished: passed","test":"POST rejects invalid body: missing email","timestamp":"2026-06-02T01:36:06.251Z"}
{"durationMs":90,"error":"Error: page.goto: Protocol error (Page.navigate): Cannot navigate to invalid URL\nCall log:\n\u001b[2m  - navigating to \"/\", waiting until \"load\"\u001b[22m\n","level":"info","message":"■ test finished: failed","test":"landing → catalog → pet detail","timestamp":"2026-06-02T01:36:06.264Z"}
{"level":"info","message":"▶ test started","project":"","tags":["@api","@regression"],"test":"POST rejects invalid body: malformed email","timestamp":"2026-06-02T01:36:06.262Z"}
{"durationMs":100,"error":"Error: page.goto: Protocol error (Page.navigate): Cannot navigate to invalid URL\nCall log:\n\u001b[2m  - navigating to \"/pets\", waiting until \"load\"\u001b[22m\n","level":"info","message":"■ test finished: failed","test":"shows the full catalog by default","timestamp":"2026-06-02T01:36:06.270Z"}
{"durationMs":10,"level":"info","message":"■ test finished: passed","test":"POST rejects invalid body: malformed email","timestamp":"2026-06-02T01:36:06.278Z"}
{"level":"info","message":"▶ test started","project":"","tags":["@api","@regression"],"test":"POST rejects invalid body: name too short","timestamp":"2026-06-02T01:36:06.284Z"}
{"durationMs":4,"level":"info","message":"■ test finished: passed","test":"POST rejects invalid body: name too short","timestamp":"2026-06-02T01:36:06.289Z"}
{"level":"info","message":"▶ test started","project":"","tags":["@api","@regression"],"test":"POST rejects invalid body: unknown requestType","timestamp":"2026-06-02T01:36:06.298Z"}
{"durationMs":21,"level":"info","message":"■ test finished: passed","test":"POST rejects invalid body: unknown requestType","timestamp":"2026-06-02T01:36:06.319Z"}
{"level":"info","message":"▶ test started","project":"","tags":["@api","@regression"],"test":"POST rejects invalid body: hasOtherPets wrong type","timestamp":"2026-06-02T01:36:06.328Z"}
{"durationMs":6,"level":"info","message":"■ test finished: passed","test":"POST rejects invalid body: hasOtherPets wrong type","timestamp":"2026-06-02T01:36:06.337Z"}
{"durationMs":86,"error":"Error: page.goto: Protocol error (Page.navigate): Cannot navigate to invalid URL\nCall log:\n\u001b[2m  - navigating to \"/pets/biscuit/adopt\", waiting until \"load\"\u001b[22m\n","level":"info","message":"■ test finished: failed","test":"shows an error when name too short","timestamp":"2026-06-02T01:36:06.352Z"}
{"durationMs":101,"error":"Error: page.goto: Protocol error (Page.navigate): Cannot navigate to invalid URL\nCall log:\n\u001b[2m  - navigating to \"/pets/biscuit\", waiting until \"load\"\u001b[22m\n","level":"info","message":"■ test finished: failed","test":"submit an adoption request from a pet detail page","timestamp":"2026-06-02T01:36:06.376Z"}
{"level":"info","message":"▶ test started","project":"","tags":["@regression"],"test":"filtering by dog shows only dogs","timestamp":"2026-06-02T01:36:06.917Z"}
{"level":"info","message":"▶ test started","project":"","tags":["@regression"],"test":"shows an error when name empty","timestamp":"2026-06-02T01:36:07.055Z"}
{"durationMs":62,"error":"Error: page.goto: Protocol error (Page.navigate): Cannot navigate to invalid URL\nCall log:\n\u001b[2m  - navigating to \"/pets\", waiting until \"load\"\u001b[22m\n","level":"info","message":"■ test finished: failed","test":"filtering by dog shows only dogs","timestamp":"2026-06-02T01:36:07.087Z"}
{"level":"info","message":"▶ test started","project":"","tags":["@regression"],"test":"submit a \"request more info\" inquiry for a pending pet","timestamp":"2026-06-02T01:36:07.170Z"}
{"durationMs":65,"error":"Error: page.goto: Protocol error (Page.navigate): Cannot navigate to invalid URL\nCall log:\n\u001b[2m  - navigating to \"/pets/biscuit/adopt\", waiting until \"load\"\u001b[22m\n","level":"info","message":"■ test finished: failed","test":"shows an error when name empty","timestamp":"2026-06-02T01:36:07.237Z"}
{"durationMs":61,"error":"Error: page.goto: Protocol error (Page.navigate): Cannot navigate to invalid URL\nCall log:\n\u001b[2m  - navigating to \"/pets/coco\", waiting until \"load\"\u001b[22m\n","level":"info","message":"■ test finished: failed","test":"submit a \"request more info\" inquiry for a pending pet","timestamp":"2026-06-02T01:36:07.343Z"}
{"level":"info","message":"▶ test started","project":"","tags":["@regression"],"test":"filtering by cat shows only cats","timestamp":"2026-06-02T01:36:07.602Z"}
{"durationMs":70,"error":"Error: page.goto: Protocol error (Page.navigate): Cannot navigate to invalid URL\nCall log:\n\u001b[2m  - navigating to \"/pets\", waiting until \"load\"\u001b[22m\n","level":"info","message":"■ test finished: failed","test":"filtering by cat shows only cats","timestamp":"2026-06-02T01:36:07.792Z"}
{"level":"info","message":"▶ test started","project":"","tags":["@regression"],"test":"shows an error when email malformed","timestamp":"2026-06-02T01:36:07.892Z"}
{"durationMs":60,"error":"Error: page.goto: Protocol error (Page.navigate): Cannot navigate to invalid URL\nCall log:\n\u001b[2m  - navigating to \"/pets/biscuit/adopt\", waiting until \"load\"\u001b[22m\n","level":"info","message":"■ test finished: failed","test":"shows an error when email malformed","timestamp":"2026-06-02T01:36:08.068Z"}
{"level":"info","message":"▶ test started","project":"","tags":["@regression"],"test":"returning to \"All pets\" restores the full catalog","timestamp":"2026-06-02T01:36:08.280Z"}
{"durationMs":70,"error":"Error: page.goto: Protocol error (Page.navigate): Cannot navigate to invalid URL\nCall log:\n\u001b[2m  - navigating to \"/pets\", waiting until \"load\"\u001b[22m\n","level":"info","message":"■ test finished: failed","test":"returning to \"All pets\" restores the full catalog","timestamp":"2026-06-02T01:36:08.465Z"}
{"level":"info","message":"▶ test started","project":"","tags":["@regression"],"test":"shows an error when phone non-numeric","timestamp":"2026-06-02T01:36:08.580Z"}
{"durationMs":65,"error":"Error: page.goto: Protocol error (Page.navigate): Cannot navigate to invalid URL\nCall log:\n\u001b[2m  - navigating to \"/pets/biscuit/adopt\", waiting until \"load\"\u001b[22m\n","level":"info","message":"■ test finished: failed","test":"shows an error when phone non-numeric","timestamp":"2026-06-02T01:36:08.765Z"}
{"level":"info","message":"▶ test started","project":"","tags":["@regression"],"test":"shows an error when message too long","timestamp":"2026-06-02T01:36:09.157Z"}
{"durationMs":57,"error":"Error: page.goto: Protocol error (Page.navigate): Cannot navigate to invalid URL\nCall log:\n\u001b[2m  - navigating to \"/pets/biscuit/adopt\", waiting until \"load\"\u001b[22m\n","level":"info","message":"■ test finished: failed","test":"shows an error when message too long","timestamp":"2026-06-02T01:36:09.320Z"}
{"level":"info","message":"▶ test started","project":"","tags":["@regression","@smoke"],"test":"a fully valid form has no field errors","timestamp":"2026-06-02T01:36:09.978Z"}
{"durationMs":68,"error":"Error: page.goto: Protocol error (Page.navigate): Cannot navigate to invalid URL\nCall log:\n\u001b[2m  - navigating to \"/pets/biscuit/adopt\", waiting until \"load\"\u001b[22m\n","level":"info","message":"■ test finished: failed","test":"a fully valid form has no field errors","timestamp":"2026-06-02T01:36:10.163Z"}
